
=== 规划 GSE308434 ===
         34.1 MB  GSE308434/GSM9245398_F01_on_sn_counts.csv.gz
          0.3 MB  GSE308434/GSM9245398_F01_on_sn_features.tsv.gz
         27.7 MB  GSE308434/GSM9245399_F01_pre_sn_counts.csv.gz
          0.3 MB  GSE308434/GSM9245399_F01_pre_sn_features.tsv.gz
         21.1 MB  GSE308434/GSM9245400_F02_on_sn_counts.csv.gz
          0.3 MB  GSE308434/GSM9245400_F02_on_sn_features.tsv.gz
         42.2 MB  GSE308434/GSM9245401_F02_pre_sn_counts.csv.gz
          0.3 MB  GSE308434/GSM9245401_F02_pre_sn_features.tsv.gz
         66.5 MB  GSE308434/GSM9245402_F03_post1_on2_sn_counts.csv.gz
          0.3 MB  GSE308434/GSM9245402_F03_post1_on2_sn_features.tsv.gz
         27.6 MB  GSE308434/GSM9245403_F03_post1_pre2_sn_counts.csv.gz
          0.3 MB  GSE308434/GSM9245403_F03_post1_pre2_sn_features.tsv.gz
         31.6 MB  GSE308434/GSM9245404_F04_pre_sn_counts.csv.gz
          0.3 MB  GSE308434/GSM9245404_F04_pre_sn_features.tsv.gz
         33.9 MB  GSE308434/GSM9245405_F05_pre_sn_counts.csv.gz
          0.3 MB  GSE308434/GSM9245405_F05_pre_sn_features.tsv.gz
         12.2 MB  GSE308434/GSM9245406_F06_post1_pre2_sn_counts.csv.gz
          0.3 MB  GSE308434/GSM9245406_F06_post1_pre2_sn_features.tsv.gz
          8.2 MB  GSE308434/GSM9245407_F07_post1_pre2_sn_counts.csv.gz
          0.3 MB  GSE308434/GSM9245407_F07_post1_pre2_sn_features.tsv.gz
         37.7 MB  GSE308434/GSM9245408_F08_post_sn_counts.csv.gz
          0.3 MB  GSE308434/GSM9245408_F08_post_sn_features.tsv.gz
         27.2 MB  GSE308434/GSM9245409_F09_post_sn_counts.csv.gz
          0.3 MB  GSE308434/GSM9245409_F09_post_sn_features.tsv.gz
         14.2 MB  GSE308434/GSM9245410_F10_post_sn_counts.csv.gz
          0.3 MB  GSE308434/GSM9245410_F10_post_sn_features.tsv.gz
         43.6 MB  GSE308434/GSM9245411_F12_post_sn_counts.csv.gz
          0.3 MB  GSE308434/GSM9245411_F12_post_sn_features.tsv.gz
         21.8 MB  GSE308434/GSM9245412_F12_pre_sn_counts.csv.gz
          0.3 MB  GSE308434/GSM9245412_F12_pre_sn_features.tsv.gz
         25.1 MB  GSE308434/GSM9245413_F15_pre_sn_counts.csv.gz
          0.3 MB  GSE308434/GSM9245413_F15_pre_sn_features.tsv.gz
         28.7 MB  GSE308434/GSM9245414_F16_post1_pre2_sn_counts.csv.gz
          0.3 MB  GSE308434/GSM9245414_F16_post1_pre2_sn_features.tsv.gz
         40.9 MB  GSE308434/GSM9245415_F16_pre_sn_counts.csv.gz
          0.3 MB  GSE308434/GSM9245415_F16_pre_sn_features.tsv.gz
         37.3 MB  GSE308434/GSM9245416_F17_post_sn_counts.csv.gz
          0.3 MB  GSE308434/GSM9245416_F17_post_sn_features.tsv.gz
         14.3 MB  GSE308434/GSM9245417_F18_post_sn_counts.csv.gz
          0.3 MB  GSE308434/GSM9245417_F18_post_sn_features.tsv.gz
         48.4 MB  GSE308434/GSM9245418_F20_post1_pre2_sn_counts.csv.gz
          0.3 MB  GSE308434/GSM9245418_F20_post1_pre2_sn_features.tsv.gz
         35.2 MB  GSE308434/GSM9245419_F22_post_sn_counts.csv.gz
          0.3 MB  GSE308434/GSM9245419_F22_post_sn_features.tsv.gz
          4.0 MB  GSE308434/GSM9245420_F23_post_sn_counts.csv.gz
          0.3 MB  GSE308434/GSM9245420_F23_post_sn_features.tsv.gz
         13.6 MB  GSE308434/GSM9245421_F25_post_sn_counts.csv.gz
          0.3 MB  GSE308434/GSM9245421_F25_post_sn_features.tsv.gz
         15.1 MB  GSE308434/GSM9245422_F26_post_sn_counts.csv.gz
          0.3 MB  GSE308434/GSM9245422_F26_post_sn_features.tsv.gz
         10.3 MB  GSE308434/GSM9245423_F27_post1_pre2_sn_counts.csv.gz
          0.3 MB  GSE308434/GSM9245423_F27_post1_pre2_sn_features.tsv.gz
         32.9 MB  GSE308434/GSM9245424_F28_post1_pre2_sn_counts.csv.gz
          0.3 MB  GSE308434/GSM9245424_F28_post1_pre2_sn_features.tsv.gz
         31.4 MB  GSE308434/GSM9245425_F29_post1_pre2_sn_counts.csv.gz
          0.3 MB  GSE308434/GSM9245425_F29_post1_pre2_sn_features.tsv.gz
         37.7 MB  GSE308434/GSM9245426_F30_post_sn_counts.csv.gz
          0.3 MB  GSE308434/GSM9245426_F30_post_sn_features.tsv.gz
         59.8 MB  GSE308434/GSM9245427_F31_post_sn_counts.csv.gz
          0.3 MB  GSE308434/GSM9245427_F31_post_sn_features.tsv.gz
         54.2 MB  GSE308434/GSM9245428_R204_pre_sn_counts.csv.gz
          0.3 MB  GSE308434/GSM9245428_R204_pre_sn_features.tsv.gz
         33.3 MB  GSE308434/GSM9245429_R294_on_sn_counts.csv.gz
          0.3 MB  GSE308434/GSM9245429_R294_on_sn_features.tsv.gz
         41.4 MB  GSE308434/GSM9245430_R308_pre_sn_counts.csv.gz
          0.3 MB  GSE308434/GSM9245430_R308_pre_sn_features.tsv.gz
         48.5 MB  GSE308434/GSM9245431_R310_on1_sn_counts.csv.gz
          0.3 MB  GSE308434/GSM9245431_R310_on1_sn_features.tsv.gz
         37.3 MB  GSE308434/GSM9245432_R310_on2_sn_counts.csv.gz
          0.3 MB  GSE308434/GSM9245432_R310_on2_sn_features.tsv.gz
         40.5 MB  GSE308434/GSM9245433_R310_pre_sn_counts.csv.gz
          0.3 MB  GSE308434/GSM9245433_R310_pre_sn_features.tsv.gz
         33.9 MB  GSE308434/GSM9245434_R319_on_sn_counts.csv.gz
          0.3 MB  GSE308434/GSM9245434_R319_on_sn_features.tsv.gz
         19.5 MB  GSE308434/GSM9245435_R319_pre_sn_counts.csv.gz
          0.3 MB  GSE308434/GSM9245435_R319_pre_sn_features.tsv.gz
         23.0 MB  GSE308434/GSM9245436_R328_on_sn_counts.csv.gz
          0.3 MB  GSE308434/GSM9245436_R328_on_sn_features.tsv.gz
          7.0 MB  GSE308434/GSM9245437_R329_on_sn_counts.csv.gz
          0.3 MB  GSE308434/GSM9245437_R329_on_sn_features.tsv.gz
         46.5 MB  GSE308434/GSM9245438_R334_pre_sn_counts.csv.gz
          0.3 MB  GSE308434/GSM9245438_R334_pre_sn_features.tsv.gz
         51.1 MB  GSE308434/GSM9245439_R354_pre_sn_counts.csv.gz
          0.3 MB  GSE308434/GSM9245439_R354_pre_sn_features.tsv.gz

=== 规划 GSE308435 ===
          0.0 MB  GSE308435/GSE308435_RAW.tar
          0.0 MB  GSE308435/filelist.txt

=== 规划 GSE308433 ===
          0.0 MB  GSE308433/GSE308433_RAW.tar
          0.0 MB  GSE308433/filelist.txt

=== 规划 GSE115821 ===
          0.0 MB  GSE115821/GSE115821_MGH_counts.csv.gz

合计 89 个文件 / 1.30 GB
[续传] GSM9245398_F01_on_sn_counts.csv.gz
[完成] GSE308434/GSM9245398_F01_on_sn_counts.csv.gz 35788372 bytes（登记 35788372）gzip 全流解压通过 md5=ba0a43d71d6752bbfda91d408bb5325d 用时 217s
[完成] GSE308434/GSM9245398_F01_on_sn_features.tsv.gz 294478 bytes（登记 294478）gzip 全流解压通过 md5=ac13e8a24bb4395fd044463c54f68a06 用时 17s
